C51 COMPILER V9.53.0.0   MAIN                                                              04/18/2021 14:19:05 PAGE 1   


C51 COMPILER V9.53.0.0, COMPILATION OF MODULE MAIN
OBJECT MODULE PLACED IN .\Objects\main.obj
COMPILER INVOKED BY: D:\keil5-MDK\C51\BIN\C51.EXE main.c OPTIMIZE(8,SPEED) BROWSE DEBUG OBJECTEXTEND PRINT(.\Listings\ma
                    -in.lst) OBJECT(.\Objects\main.obj)

line level    source

   1          //https://github.com/CoreSic/Lqb-IAP15
   2          //项目名称：蓝桥杯大赛-单片机组demo
   3          //作者：coresic
   4          //转载请注明出处
   5          
   6          #include <STC15F2K60S2.H>
   7          #include "onewire.h"
   8          #include "ds1302.h"
   9          #include "iic.h"
  10          
  11          #define uchar unsigned char
  12          #define uint unsigned int
  13                  
  14          uchar WEI[8];//数码管显示值缓存
  15          uchar DUAN[10]={0xc0,0xf9,0xa4,0xb0,0x99,0x92,0x82,0xf8,0x80,0x90};//数码管段码
  16          uchar index;//数码管显示位置
  17          float wendu;//温度数据
  18          uint count;//定时器计数值
  19          uchar hour, minute, second;//时分秒
  20          uchar ADC_data;//ADC数据
  21          //uchar s4, s5, s6, s7;//四个独立按键
  22          uchar key_data;//按键扫描值
  23          uchar led8;//流水灯数据缓存
  24          sbit key=P4^4;
  25          
  26          void Enable38(uchar num)//38译码器
  27          {
  28   1              P2&=0x1f;
  29   1              P2|=num<<5;
  30   1      }
  31          
  32          void Timer0_Init()//定时器0初始化
  33          {
  34   1              TMOD=0x01;
  35   1              TH0=-9;
  36   1              TL1=0;
  37   1              TR0=1;
  38   1              ET0=1;
  39   1              EA=1;
  40   1      }
  41          
  42          void Display_init()//数码管显示初始化
  43          {
  44   1              WEI[0]=DUAN[0];
  45   1              WEI[1]=DUAN[0];
  46   1              WEI[2]=DUAN[0];
  47   1              WEI[3]=DUAN[0];
  48   1              WEI[4]=DUAN[0];
  49   1              WEI[5]=DUAN[0];
  50   1              WEI[6]=DUAN[0];
  51   1              WEI[7]=DUAN[0];
  52   1      }
  53          
  54          void Display_wendu()//温度显示
C51 COMPILER V9.53.0.0   MAIN                                                              04/18/2021 14:19:05 PAGE 2   

  55          {
  56   1              uint wendu_num=wendu*10;
  57   1              WEI[0]=DUAN[wendu_num/100];
  58   1              WEI[1]=DUAN[wendu_num/10%10]&0x7f;
  59   1              WEI[2]=DUAN[wendu_num%10];
  60   1              WEI[3]=0xff;
  61   1              WEI[4]=0xff;
  62   1              WEI[5]=0xff;
  63   1              WEI[6]=0xff;
  64   1              WEI[7]=0xff;
  65   1      }
  66          
  67          void Display_date()//时间显示
  68          {
  69   1              second=Read_Ds1302_Byte(0x81);//读取秒
  70   1              minute=Read_Ds1302_Byte(0x83);//读取分
  71   1              hour=Read_Ds1302_Byte(0x85);//读取时
  72   1              
  73   1              WEI[0]=DUAN[hour/10];
  74   1              WEI[1]=DUAN[hour%10];
  75   1              
  76   1              WEI[2]=~0x40;
  77   1              
  78   1              WEI[3]=DUAN[minute/10];
  79   1              WEI[4]=DUAN[minute%10];
  80   1              
  81   1              WEI[5]=~0x40;
  82   1              
  83   1              WEI[6]=DUAN[second/10];
  84   1              WEI[7]=DUAN[second%10];
  85   1      }
  86          
  87          void Display_ADC(unsigned char address_ADC)//ADC读取数据显示
  88          {
  89   1              ADC_data=PCF8591_Get_ADC(address_ADC);
  90   1              WEI[0]=DUAN[ADC_data/100];
  91   1              WEI[1]=DUAN[ADC_data/10%10];
  92   1              WEI[2]=DUAN[ADC_data%10];
  93   1              WEI[3]=0xff;
  94   1              WEI[4]=0xff;
  95   1              WEI[5]=0xff;
  96   1              WEI[6]=0xff;
  97   1              WEI[7]=0xff;
  98   1      }
  99          
 100          void Display_AT24C02(unsigned char num)//AT24C02读取数据显示
 101          {
 102   1              WEI[0]=DUAN[num/100];
 103   1              WEI[1]=DUAN[num/10%10];
 104   1              WEI[2]=DUAN[num%10];
 105   1              WEI[3]=0xff;
 106   1              WEI[4]=0xff;
 107   1              WEI[5]=0xff;
 108   1              WEI[6]=0xff;
 109   1              WEI[7]=0xff;
 110   1      }
 111          
 112          void led8_change(uchar num)//流水灯状态更新
 113          {
 114   1              Enable38(4);
 115   1              P0=~num;
 116   1      }
C51 COMPILER V9.53.0.0   MAIN                                                              04/18/2021 14:19:05 PAGE 3   

 117          
 118          void Display()//数码管显示
 119          {
 120   1              Enable38(7);
 121   1              P0=0xff;//消影
 122   1              led8_change(led8);//流水灯状态更新
 123   1              Enable38(6);
 124   1              P0=(0x01<<index);
 125   1              Enable38(7);
 126   1              P0=(WEI[index]);
 127   1              index++;
 128   1              index&=7;
 129   1      }
 130          
 131          void Key_scan()//按键扫描
 132          {
 133   1              key=0;
 134   1              P3|=0x0f;
 135   1              switch(P3&0x0f)
 136   1              {
 137   2                      case 0x0e:key_data=7;break;
 138   2                      case 0x0d:key_data=6;break;
 139   2                      case 0x0b:key_data=5;break;
 140   2                      case 0x07:key_data=4;break;
 141   2              }
 142   1              while(P3&0x0f!=0x0f);
 143   1              
 144   1      }
 145          
 146          void main()//主函数
 147          {
 148   1              float temp_num;
 149   1              bit flag_led;
 150   1              Display_init();//数码管显示初始化
 151   1              Timer0_Init();//定时器0初始化
 152   1              Init_DS1302();//DS1302初始化
 153   1              led8=0;//关闭8个led
 154   1              led8_change(led8);
 155   1              AT24C02_write(0x03,60);//AT24C02写入数据
 156   1              adc_set(10);//DA输出
 157   1              Display_AT24C02(AT24C02_read(0x03));//AT24C02读取数据显示
 158   1              Display_AT24C02(AT24C02_read(0x03));//重复一次，保证读取成功率
 159   1              while(1)
 160   1              {
 161   2                      Key_scan();//按键扫描
 162   2                      if(count>=20)
 163   2                      {
 164   3                              count=0;
 165   3                              if(key_data!=0)
 166   3                              {
 167   4                                      switch(key_data)
 168   4                                      {
 169   5                                              case 4: Display_ADC(0x01);//ADC数据显示
 170   5                                                              break;
 171   5                                              case 5: Display_date();//时间显示
 172   5                                                              break;
 173   5                                              case 6: temp_num=Ds18b20_Get_data();//获取温度值
 174   5                                                              if(temp_num<30)
 175   5                                                              wendu=temp_num;//更新温度值
 176   5                                                              Display_wendu();//更新温度显示
 177   5                                                              break;
 178   5                                              case 7: flag_led=!flag_led;
C51 COMPILER V9.53.0.0   MAIN                                                              04/18/2021 14:19:05 PAGE 4   

 179   5                                                              if(flag_led)led8|=0x01;else led8&=~0x01;//按键控制led
 180   5                                                              break;
 181   5                                      }
 182   4                                      
 183   4      //                              key_data=0;
 184   4                              }
 185   3                      }
 186   2              }
 187   1      }
 188          
 189          void Timer0() interrupt 1//定时器0中断
 190          {
 191   1              TH0=-9;
 192   1              count++;
 193   1              Display();//数码管显示函数
 194   1      }
 195          


MODULE INFORMATION:   STATIC OVERLAYABLE
   CODE SIZE        =    683    ----
   CONSTANT SIZE    =   ----    ----
   XDATA SIZE       =   ----    ----
   PDATA SIZE       =   ----    ----
   DATA SIZE        =     31       4
   IDATA SIZE       =   ----    ----
   BIT SIZE         =   ----       1
END OF MODULE INFORMATION.


C51 COMPILATION COMPLETE.  0 WARNING(S),  0 ERROR(S)
